// Jest Snapshot v1, https://goo.gl/fbAQLP

exports[`test Table component +++capturing Snapshot of Home 1`] = `
<div
  className="ant-row"
  style={undefined}
>
  <div
    className="css-15idy3b"
  >
    <button
      className="ant-btn ant-btn-default"
      onClick={[Function]}
      type="button"
    >
      <i
        className="anticon anticon-plus"
      />
      <span>
        Добавить
      </span>
    </button>
  </div>
  <div
    className="ant-col-24"
  >
    <div
      className="ant-table-wrapper"
      style={undefined}
    >
      <div
        className="ant-spin-nested-loading"
        style={null}
      >
        <div
          className="ant-spin-container"
        >
          <div
            className="ant-table ant-table-small ant-table-bordered ant-table-scroll-position-left"
            id={undefined}
            style={Object {}}
          >
            <div
              className="ant-table-content"
            >
              <div
                className="ant-table-body"
                onScroll={[Function]}
                onWheel={[Function]}
                style={Object {}}
              >
                <table
                  className=""
                  style={Object {}}
                >
                  <colgroup>
                    <col
                      style={
                        Object {
                          "minWidth": "5%",
                          "width": "5%",
                        }
                      }
                    />
                    <col
                      style={
                        Object {
                          "minWidth": "25%",
                          "width": "25%",
                        }
                      }
                    />
                    <col
                      style={
                        Object {
                          "minWidth": "15%",
                          "width": "15%",
                        }
                      }
                    />
                    <col
                      style={
                        Object {
                          "minWidth": "40%",
                          "width": "40%",
                        }
                      }
                    />
                    <col
                      style={
                        Object {
                          "minWidth": "5%",
                          "width": "5%",
                        }
                      }
                    />
                  </colgroup>
                  <thead
                    className="ant-table-thead"
                  >
                    <tr
                      style={
                        Object {
                          "height": null,
                        }
                      }
                    >
                      <th
                        className=""
                      >
                        <span>
                          Ид
                        </span>
                      </th>
                      <th
                        className=""
                      >
                        <span>
                          Имя
                        </span>
                      </th>
                      <th
                        className=""
                      >
                        <span>
                          Адресс
                        </span>
                      </th>
                      <th
                        className=""
                      >
                        <span>
                          Телефон
                        </span>
                      </th>
                      <th
                        className=""
                      >
                        <span>
                          operation
                        </span>
                      </th>
                    </tr>
                  </thead>
                  <tbody
                    className="ant-table-tbody"
                  >
                    <tr
                      className="ant-table-row  ant-table-row-level-0"
                      onClick={[Function]}
                      onContextMenu={[Function]}
                      onDoubleClick={[Function]}
                      onMouseEnter={[Function]}
                      onMouseLeave={[Function]}
                      style={
                        Object {
                          "height": null,
                        }
                      }
                    >
                      <td
                        className=""
                        onClick={[Function]}
                      >
                        <span
                          className="ant-table-row-indent indent-level-0"
                          style={
                            Object {
                              "paddingLeft": "0px",
                            }
                          }
                        />
                        12691
                      </td>
                      <td
                        className=""
                        onClick={[Function]}
                      >
                        catwomen
                      </td>
                      <td
                        className=""
                        onClick={[Function]}
                      >
                        DS
                      </td>
                      <td
                        className=""
                        onClick={[Function]}
                      >
                        666
                      </td>
                      <td
                        className=""
                        onClick={[Function]}
                      >
                        <button
                          className="ant-btn ant-dropdown-trigger"
                          disabled={undefined}
                          onBlur={undefined}
                          onClick={[Function]}
                          onContextMenu={undefined}
                          onFocus={undefined}
                          onMouseDown={undefined}
                          onMouseEnter={[Function]}
                          onMouseLeave={[Function]}
                          onTouchStart={undefined}
                          style={
                            Object {
                              "border": "none",
                            }
                          }
                          type="button"
                        >
                          <i
                            className="anticon anticon-bars"
                            style={
                              Object {
                                "marginRight": 2,
                              }
                            }
                          />
                          <i
                            className="anticon anticon-down"
                          />
                        </button>
                      </td>
                    </tr>
                    <tr
                      className="ant-table-row  ant-table-row-level-0"
                      onClick={[Function]}
                      onContextMenu={[Function]}
                      onDoubleClick={[Function]}
                      onMouseEnter={[Function]}
                      onMouseLeave={[Function]}
                      style={
                        Object {
                          "height": null,
                        }
                      }
                    >
                      <td
                        className=""
                        onClick={[Function]}
                      >
                        <span
                          className="ant-table-row-indent indent-level-0"
                          style={
                            Object {
                              "paddingLeft": "0px",
                            }
                          }
                        />
                        12692
                      </td>
                      <td
                        className=""
                        onClick={[Function]}
                      >
                        catwomen
                      </td>
                      <td
                        className=""
                        onClick={[Function]}
                      >
                        DS
                      </td>
                      <td
                        className=""
                        onClick={[Function]}
                      >
                        666
                      </td>
                      <td
                        className=""
                        onClick={[Function]}
                      >
                        <button
                          className="ant-btn ant-dropdown-trigger"
                          disabled={undefined}
                          onBlur={undefined}
                          onClick={[Function]}
                          onContextMenu={undefined}
                          onFocus={undefined}
                          onMouseDown={undefined}
                          onMouseEnter={[Function]}
                          onMouseLeave={[Function]}
                          onTouchStart={undefined}
                          style={
                            Object {
                              "border": "none",
                            }
                          }
                          type="button"
                        >
                          <i
                            className="anticon anticon-bars"
                            style={
                              Object {
                                "marginRight": 2,
                              }
                            }
                          />
                          <i
                            className="anticon anticon-down"
                          />
                        </button>
                      </td>
                    </tr>
                    <tr
                      className="ant-table-row  ant-table-row-level-0"
                      onClick={[Function]}
                      onContextMenu={[Function]}
                      onDoubleClick={[Function]}
                      onMouseEnter={[Function]}
                      onMouseLeave={[Function]}
                      style={
                        Object {
                          "height": null,
                        }
                      }
                    >
                      <td
                        className=""
                        onClick={[Function]}
                      >
                        <span
                          className="ant-table-row-indent indent-level-0"
                          style={
                            Object {
                              "paddingLeft": "0px",
                            }
                          }
                        />
                        12693
                      </td>
                      <td
                        className=""
                        onClick={[Function]}
                      >
                        catwomen
                      </td>
                      <td
                        className=""
                        onClick={[Function]}
                      >
                        DS
                      </td>
                      <td
                        className=""
                        onClick={[Function]}
                      >
                        666
                      </td>
                      <td
                        className=""
                        onClick={[Function]}
                      >
                        <button
                          className="ant-btn ant-dropdown-trigger"
                          disabled={undefined}
                          onBlur={undefined}
                          onClick={[Function]}
                          onContextMenu={undefined}
                          onFocus={undefined}
                          onMouseDown={undefined}
                          onMouseEnter={[Function]}
                          onMouseLeave={[Function]}
                          onTouchStart={undefined}
                          style={
                            Object {
                              "border": "none",
                            }
                          }
                          type="button"
                        >
                          <i
                            className="anticon anticon-bars"
                            style={
                              Object {
                                "marginRight": 2,
                              }
                            }
                          />
                          <i
                            className="anticon anticon-down"
                          />
                        </button>
                      </td>
                    </tr>
                    <tr
                      className="ant-table-row  ant-table-row-level-0"
                      onClick={[Function]}
                      onContextMenu={[Function]}
                      onDoubleClick={[Function]}
                      onMouseEnter={[Function]}
                      onMouseLeave={[Function]}
                      style={
                        Object {
                          "height": null,
                        }
                      }
                    >
                      <td
                        className=""
                        onClick={[Function]}
                      >
                        <span
                          className="ant-table-row-indent indent-level-0"
                          style={
                            Object {
                              "paddingLeft": "0px",
                            }
                          }
                        />
                        12694
                      </td>
                      <td
                        className=""
                        onClick={[Function]}
                      >
                        catwomen
                      </td>
                      <td
                        className=""
                        onClick={[Function]}
                      >
                        DS
                      </td>
                      <td
                        className=""
                        onClick={[Function]}
                      >
                        666
                      </td>
                      <td
                        className=""
                        onClick={[Function]}
                      >
                        <button
                          className="ant-btn ant-dropdown-trigger"
                          disabled={undefined}
                          onBlur={undefined}
                          onClick={[Function]}
                          onContextMenu={undefined}
                          onFocus={undefined}
                          onMouseDown={undefined}
                          onMouseEnter={[Function]}
                          onMouseLeave={[Function]}
                          onTouchStart={undefined}
                          style={
                            Object {
                              "border": "none",
                            }
                          }
                          type="button"
                        >
                          <i
                            className="anticon anticon-bars"
                            style={
                              Object {
                                "marginRight": 2,
                              }
                            }
                          />
                          <i
                            className="anticon anticon-down"
                          />
                        </button>
                      </td>
                    </tr>
                    <tr
                      className="ant-table-row  ant-table-row-level-0"
                      onClick={[Function]}
                      onContextMenu={[Function]}
                      onDoubleClick={[Function]}
                      onMouseEnter={[Function]}
                      onMouseLeave={[Function]}
                      style={
                        Object {
                          "height": null,
                        }
                      }
                    >
                      <td
                        className=""
                        onClick={[Function]}
                      >
                        <span
                          className="ant-table-row-indent indent-level-0"
                          style={
                            Object {
                              "paddingLeft": "0px",
                            }
                          }
                        />
                        12695
                      </td>
                      <td
                        className=""
                        onClick={[Function]}
                      >
                        catwomen
                      </td>
                      <td
                        className=""
                        onClick={[Function]}
                      >
                        DS
                      </td>
                      <td
                        className=""
                        onClick={[Function]}
                      >
                        666
                      </td>
                      <td
                        className=""
                        onClick={[Function]}
                      >
                        <button
                          className="ant-btn ant-dropdown-trigger"
                          disabled={undefined}
                          onBlur={undefined}
                          onClick={[Function]}
                          onContextMenu={undefined}
                          onFocus={undefined}
                          onMouseDown={undefined}
                          onMouseEnter={[Function]}
                          onMouseLeave={[Function]}
                          onTouchStart={undefined}
                          style={
                            Object {
                              "border": "none",
                            }
                          }
                          type="button"
                        >
                          <i
                            className="anticon anticon-bars"
                            style={
                              Object {
                                "marginRight": 2,
                              }
                            }
                          />
                          <i
                            className="anticon anticon-down"
                          />
                        </button>
                      </td>
                    </tr>
                    <tr
                      className="ant-table-row  ant-table-row-level-0"
                      onClick={[Function]}
                      onContextMenu={[Function]}
                      onDoubleClick={[Function]}
                      onMouseEnter={[Function]}
                      onMouseLeave={[Function]}
                      style={
                        Object {
                          "height": null,
                        }
                      }
                    >
                      <td
                        className=""
                        onClick={[Function]}
                      >
                        <span
                          className="ant-table-row-indent indent-level-0"
                          style={
                            Object {
                              "paddingLeft": "0px",
                            }
                          }
                        />
                        12696
                      </td>
                      <td
                        className=""
                        onClick={[Function]}
                      >
                        catwomen
                      </td>
                      <td
                        className=""
                        onClick={[Function]}
                      >
                        DS
                      </td>
                      <td
                        className=""
                        onClick={[Function]}
                      >
                        666
                      </td>
                      <td
                        className=""
                        onClick={[Function]}
                      >
                        <button
                          className="ant-btn ant-dropdown-trigger"
                          disabled={undefined}
                          onBlur={undefined}
                          onClick={[Function]}
                          onContextMenu={undefined}
                          onFocus={undefined}
                          onMouseDown={undefined}
                          onMouseEnter={[Function]}
                          onMouseLeave={[Function]}
                          onTouchStart={undefined}
                          style={
                            Object {
                              "border": "none",
                            }
                          }
                          type="button"
                        >
                          <i
                            className="anticon anticon-bars"
                            style={
                              Object {
                                "marginRight": 2,
                              }
                            }
                          />
                          <i
                            className="anticon anticon-down"
                          />
                        </button>
                      </td>
                    </tr>
                  </tbody>
                </table>
              </div>
            </div>
          </div>
          <ul
            className="ant-pagination ant-table-pagination mini"
            style={Object {}}
            unselectable="unselectable"
          >
            <li
              aria-disabled={true}
              className="ant-pagination-disabled ant-pagination-prev"
              onClick={[Function]}
              onKeyPress={[Function]}
              tabIndex={null}
              title="Previous Page"
            >
              <a
                className="ant-pagination-item-link"
              />
            </li>
            <li
              className="ant-pagination-item ant-pagination-item-1 ant-pagination-item-active"
              onClick={[Function]}
              onKeyPress={[Function]}
              tabIndex="0"
              title={1}
            >
              <a>
                1
              </a>
            </li>
            <li
              className="ant-pagination-item ant-pagination-item-2"
              onClick={[Function]}
              onKeyPress={[Function]}
              tabIndex="0"
              title={2}
            >
              <a>
                2
              </a>
            </li>
            <li
              className="ant-pagination-item ant-pagination-item-3"
              onClick={[Function]}
              onKeyPress={[Function]}
              tabIndex="0"
              title={3}
            >
              <a>
                3
              </a>
            </li>
            <li
              className="ant-pagination-item ant-pagination-item-4"
              onClick={[Function]}
              onKeyPress={[Function]}
              tabIndex="0"
              title={4}
            >
              <a>
                4
              </a>
            </li>
            <li
              className="ant-pagination-item ant-pagination-item-5 ant-pagination-item-before-jump-next"
              onClick={[Function]}
              onKeyPress={[Function]}
              tabIndex="0"
              title={5}
            >
              <a>
                5
              </a>
            </li>
            <li
              className="ant-pagination-jump-next"
              onClick={[Function]}
              onKeyPress={[Function]}
              tabIndex="0"
              title="Next 5 Pages"
            >
              <a
                className="ant-pagination-item-link"
              />
            </li>
            <li
              className="ant-pagination-item ant-pagination-item-20"
              onClick={[Function]}
              onKeyPress={[Function]}
              tabIndex="0"
              title={20}
            >
              <a>
                20
              </a>
            </li>
            <li
              aria-disabled={false}
              className=" ant-pagination-next"
              onClick={[Function]}
              onKeyPress={[Function]}
              tabIndex={0}
              title="Next Page"
            >
              <a
                className="ant-pagination-item-link"
              />
            </li>
            <li
              className="ant-pagination-options"
            >
              <div
                className="ant-pagination-options-quick-jumper"
              >
                Goto
                <input
                  onChange={[Function]}
                  onKeyUp={[Function]}
                  type="text"
                  value=""
                />
                
              </div>
            </li>
          </ul>
        </div>
      </div>
    </div>
  </div>
</div>
`;

exports[`test Table component +snapshot Table component 1`] = `
<div
  className="ant-row"
  style={undefined}
>
  <div
    className="css-15idy3b"
  >
    <button
      className="ant-btn ant-btn-default"
      onClick={[Function]}
      type="button"
    >
      <i
        className="anticon anticon-plus"
      />
      <span>
        Добавить
      </span>
    </button>
  </div>
  <div
    className="ant-col-24"
  >
    <div
      className="ant-table-wrapper"
      style={undefined}
    >
      <div
        className="ant-spin-nested-loading"
        style={null}
      >
        <div
          className="ant-spin-container"
        >
          <div
            className="ant-table ant-table-small ant-table-bordered ant-table-scroll-position-left"
            id={undefined}
            style={Object {}}
          >
            <div
              className="ant-table-content"
            >
              <div
                className="ant-table-body"
                onScroll={[Function]}
                onWheel={[Function]}
                style={Object {}}
              >
                <table
                  className=""
                  style={Object {}}
                >
                  <colgroup>
                    <col
                      style={
                        Object {
                          "minWidth": "5%",
                          "width": "5%",
                        }
                      }
                    />
                    <col
                      style={
                        Object {
                          "minWidth": "25%",
                          "width": "25%",
                        }
                      }
                    />
                    <col
                      style={
                        Object {
                          "minWidth": "15%",
                          "width": "15%",
                        }
                      }
                    />
                    <col
                      style={
                        Object {
                          "minWidth": "40%",
                          "width": "40%",
                        }
                      }
                    />
                    <col
                      style={
                        Object {
                          "minWidth": "5%",
                          "width": "5%",
                        }
                      }
                    />
                  </colgroup>
                  <thead
                    className="ant-table-thead"
                  >
                    <tr
                      style={
                        Object {
                          "height": null,
                        }
                      }
                    >
                      <th
                        className=""
                      >
                        <span>
                          Ид
                        </span>
                      </th>
                      <th
                        className=""
                      >
                        <span>
                          Имя
                        </span>
                      </th>
                      <th
                        className=""
                      >
                        <span>
                          Адресс
                        </span>
                      </th>
                      <th
                        className=""
                      >
                        <span>
                          Телефон
                        </span>
                      </th>
                      <th
                        className=""
                      >
                        <span>
                          operation
                        </span>
                      </th>
                    </tr>
                  </thead>
                  <tbody
                    className="ant-table-tbody"
                  >
                    <tr
                      className="ant-table-row  ant-table-row-level-0"
                      onClick={[Function]}
                      onContextMenu={[Function]}
                      onDoubleClick={[Function]}
                      onMouseEnter={[Function]}
                      onMouseLeave={[Function]}
                      style={
                        Object {
                          "height": null,
                        }
                      }
                    >
                      <td
                        className=""
                        onClick={[Function]}
                      >
                        <span
                          className="ant-table-row-indent indent-level-0"
                          style={
                            Object {
                              "paddingLeft": "0px",
                            }
                          }
                        />
                        12691
                      </td>
                      <td
                        className=""
                        onClick={[Function]}
                      >
                        catwomen
                      </td>
                      <td
                        className=""
                        onClick={[Function]}
                      >
                        DS
                      </td>
                      <td
                        className=""
                        onClick={[Function]}
                      >
                        666
                      </td>
                      <td
                        className=""
                        onClick={[Function]}
                      >
                        <button
                          className="ant-btn ant-dropdown-trigger"
                          disabled={undefined}
                          onBlur={undefined}
                          onClick={[Function]}
                          onContextMenu={undefined}
                          onFocus={undefined}
                          onMouseDown={undefined}
                          onMouseEnter={[Function]}
                          onMouseLeave={[Function]}
                          onTouchStart={undefined}
                          style={
                            Object {
                              "border": "none",
                            }
                          }
                          type="button"
                        >
                          <i
                            className="anticon anticon-bars"
                            style={
                              Object {
                                "marginRight": 2,
                              }
                            }
                          />
                          <i
                            className="anticon anticon-down"
                          />
                        </button>
                      </td>
                    </tr>
                    <tr
                      className="ant-table-row  ant-table-row-level-0"
                      onClick={[Function]}
                      onContextMenu={[Function]}
                      onDoubleClick={[Function]}
                      onMouseEnter={[Function]}
                      onMouseLeave={[Function]}
                      style={
                        Object {
                          "height": null,
                        }
                      }
                    >
                      <td
                        className=""
                        onClick={[Function]}
                      >
                        <span
                          className="ant-table-row-indent indent-level-0"
                          style={
                            Object {
                              "paddingLeft": "0px",
                            }
                          }
                        />
                        12692
                      </td>
                      <td
                        className=""
                        onClick={[Function]}
                      >
                        catwomen
                      </td>
                      <td
                        className=""
                        onClick={[Function]}
                      >
                        DS
                      </td>
                      <td
                        className=""
                        onClick={[Function]}
                      >
                        666
                      </td>
                      <td
                        className=""
                        onClick={[Function]}
                      >
                        <button
                          className="ant-btn ant-dropdown-trigger"
                          disabled={undefined}
                          onBlur={undefined}
                          onClick={[Function]}
                          onContextMenu={undefined}
                          onFocus={undefined}
                          onMouseDown={undefined}
                          onMouseEnter={[Function]}
                          onMouseLeave={[Function]}
                          onTouchStart={undefined}
                          style={
                            Object {
                              "border": "none",
                            }
                          }
                          type="button"
                        >
                          <i
                            className="anticon anticon-bars"
                            style={
                              Object {
                                "marginRight": 2,
                              }
                            }
                          />
                          <i
                            className="anticon anticon-down"
                          />
                        </button>
                      </td>
                    </tr>
                    <tr
                      className="ant-table-row  ant-table-row-level-0"
                      onClick={[Function]}
                      onContextMenu={[Function]}
                      onDoubleClick={[Function]}
                      onMouseEnter={[Function]}
                      onMouseLeave={[Function]}
                      style={
                        Object {
                          "height": null,
                        }
                      }
                    >
                      <td
                        className=""
                        onClick={[Function]}
                      >
                        <span
                          className="ant-table-row-indent indent-level-0"
                          style={
                            Object {
                              "paddingLeft": "0px",
                            }
                          }
                        />
                        12693
                      </td>
                      <td
                        className=""
                        onClick={[Function]}
                      >
                        catwomen
                      </td>
                      <td
                        className=""
                        onClick={[Function]}
                      >
                        DS
                      </td>
                      <td
                        className=""
                        onClick={[Function]}
                      >
                        666
                      </td>
                      <td
                        className=""
                        onClick={[Function]}
                      >
                        <button
                          className="ant-btn ant-dropdown-trigger"
                          disabled={undefined}
                          onBlur={undefined}
                          onClick={[Function]}
                          onContextMenu={undefined}
                          onFocus={undefined}
                          onMouseDown={undefined}
                          onMouseEnter={[Function]}
                          onMouseLeave={[Function]}
                          onTouchStart={undefined}
                          style={
                            Object {
                              "border": "none",
                            }
                          }
                          type="button"
                        >
                          <i
                            className="anticon anticon-bars"
                            style={
                              Object {
                                "marginRight": 2,
                              }
                            }
                          />
                          <i
                            className="anticon anticon-down"
                          />
                        </button>
                      </td>
                    </tr>
                    <tr
                      className="ant-table-row  ant-table-row-level-0"
                      onClick={[Function]}
                      onContextMenu={[Function]}
                      onDoubleClick={[Function]}
                      onMouseEnter={[Function]}
                      onMouseLeave={[Function]}
                      style={
                        Object {
                          "height": null,
                        }
                      }
                    >
                      <td
                        className=""
                        onClick={[Function]}
                      >
                        <span
                          className="ant-table-row-indent indent-level-0"
                          style={
                            Object {
                              "paddingLeft": "0px",
                            }
                          }
                        />
                        12694
                      </td>
                      <td
                        className=""
                        onClick={[Function]}
                      >
                        catwomen
                      </td>
                      <td
                        className=""
                        onClick={[Function]}
                      >
                        DS
                      </td>
                      <td
                        className=""
                        onClick={[Function]}
                      >
                        666
                      </td>
                      <td
                        className=""
                        onClick={[Function]}
                      >
                        <button
                          className="ant-btn ant-dropdown-trigger"
                          disabled={undefined}
                          onBlur={undefined}
                          onClick={[Function]}
                          onContextMenu={undefined}
                          onFocus={undefined}
                          onMouseDown={undefined}
                          onMouseEnter={[Function]}
                          onMouseLeave={[Function]}
                          onTouchStart={undefined}
                          style={
                            Object {
                              "border": "none",
                            }
                          }
                          type="button"
                        >
                          <i
                            className="anticon anticon-bars"
                            style={
                              Object {
                                "marginRight": 2,
                              }
                            }
                          />
                          <i
                            className="anticon anticon-down"
                          />
                        </button>
                      </td>
                    </tr>
                    <tr
                      className="ant-table-row  ant-table-row-level-0"
                      onClick={[Function]}
                      onContextMenu={[Function]}
                      onDoubleClick={[Function]}
                      onMouseEnter={[Function]}
                      onMouseLeave={[Function]}
                      style={
                        Object {
                          "height": null,
                        }
                      }
                    >
                      <td
                        className=""
                        onClick={[Function]}
                      >
                        <span
                          className="ant-table-row-indent indent-level-0"
                          style={
                            Object {
                              "paddingLeft": "0px",
                            }
                          }
                        />
                        12695
                      </td>
                      <td
                        className=""
                        onClick={[Function]}
                      >
                        catwomen
                      </td>
                      <td
                        className=""
                        onClick={[Function]}
                      >
                        DS
                      </td>
                      <td
                        className=""
                        onClick={[Function]}
                      >
                        666
                      </td>
                      <td
                        className=""
                        onClick={[Function]}
                      >
                        <button
                          className="ant-btn ant-dropdown-trigger"
                          disabled={undefined}
                          onBlur={undefined}
                          onClick={[Function]}
                          onContextMenu={undefined}
                          onFocus={undefined}
                          onMouseDown={undefined}
                          onMouseEnter={[Function]}
                          onMouseLeave={[Function]}
                          onTouchStart={undefined}
                          style={
                            Object {
                              "border": "none",
                            }
                          }
                          type="button"
                        >
                          <i
                            className="anticon anticon-bars"
                            style={
                              Object {
                                "marginRight": 2,
                              }
                            }
                          />
                          <i
                            className="anticon anticon-down"
                          />
                        </button>
                      </td>
                    </tr>
                    <tr
                      className="ant-table-row  ant-table-row-level-0"
                      onClick={[Function]}
                      onContextMenu={[Function]}
                      onDoubleClick={[Function]}
                      onMouseEnter={[Function]}
                      onMouseLeave={[Function]}
                      style={
                        Object {
                          "height": null,
                        }
                      }
                    >
                      <td
                        className=""
                        onClick={[Function]}
                      >
                        <span
                          className="ant-table-row-indent indent-level-0"
                          style={
                            Object {
                              "paddingLeft": "0px",
                            }
                          }
                        />
                        12696
                      </td>
                      <td
                        className=""
                        onClick={[Function]}
                      >
                        catwomen
                      </td>
                      <td
                        className=""
                        onClick={[Function]}
                      >
                        DS
                      </td>
                      <td
                        className=""
                        onClick={[Function]}
                      >
                        666
                      </td>
                      <td
                        className=""
                        onClick={[Function]}
                      >
                        <button
                          className="ant-btn ant-dropdown-trigger"
                          disabled={undefined}
                          onBlur={undefined}
                          onClick={[Function]}
                          onContextMenu={undefined}
                          onFocus={undefined}
                          onMouseDown={undefined}
                          onMouseEnter={[Function]}
                          onMouseLeave={[Function]}
                          onTouchStart={undefined}
                          style={
                            Object {
                              "border": "none",
                            }
                          }
                          type="button"
                        >
                          <i
                            className="anticon anticon-bars"
                            style={
                              Object {
                                "marginRight": 2,
                              }
                            }
                          />
                          <i
                            className="anticon anticon-down"
                          />
                        </button>
                      </td>
                    </tr>
                  </tbody>
                </table>
              </div>
            </div>
          </div>
          <ul
            className="ant-pagination ant-table-pagination mini"
            style={Object {}}
            unselectable="unselectable"
          >
            <li
              aria-disabled={true}
              className="ant-pagination-disabled ant-pagination-prev"
              onClick={[Function]}
              onKeyPress={[Function]}
              tabIndex={null}
              title="Previous Page"
            >
              <a
                className="ant-pagination-item-link"
              />
            </li>
            <li
              className="ant-pagination-item ant-pagination-item-1 ant-pagination-item-active"
              onClick={[Function]}
              onKeyPress={[Function]}
              tabIndex="0"
              title={1}
            >
              <a>
                1
              </a>
            </li>
            <li
              className="ant-pagination-item ant-pagination-item-2"
              onClick={[Function]}
              onKeyPress={[Function]}
              tabIndex="0"
              title={2}
            >
              <a>
                2
              </a>
            </li>
            <li
              className="ant-pagination-item ant-pagination-item-3"
              onClick={[Function]}
              onKeyPress={[Function]}
              tabIndex="0"
              title={3}
            >
              <a>
                3
              </a>
            </li>
            <li
              className="ant-pagination-item ant-pagination-item-4"
              onClick={[Function]}
              onKeyPress={[Function]}
              tabIndex="0"
              title={4}
            >
              <a>
                4
              </a>
            </li>
            <li
              className="ant-pagination-item ant-pagination-item-5 ant-pagination-item-before-jump-next"
              onClick={[Function]}
              onKeyPress={[Function]}
              tabIndex="0"
              title={5}
            >
              <a>
                5
              </a>
            </li>
            <li
              className="ant-pagination-jump-next"
              onClick={[Function]}
              onKeyPress={[Function]}
              tabIndex="0"
              title="Next 5 Pages"
            >
              <a
                className="ant-pagination-item-link"
              />
            </li>
            <li
              className="ant-pagination-item ant-pagination-item-20"
              onClick={[Function]}
              onKeyPress={[Function]}
              tabIndex="0"
              title={20}
            >
              <a>
                20
              </a>
            </li>
            <li
              aria-disabled={false}
              className=" ant-pagination-next"
              onClick={[Function]}
              onKeyPress={[Function]}
              tabIndex={0}
              title="Next Page"
            >
              <a
                className="ant-pagination-item-link"
              />
            </li>
            <li
              className="ant-pagination-options"
            >
              <div
                className="ant-pagination-options-quick-jumper"
              >
                Goto
                <input
                  onChange={[Function]}
                  onKeyUp={[Function]}
                  type="text"
                  value=""
                />
                
              </div>
            </li>
          </ul>
        </div>
      </div>
    </div>
  </div>
</div>
`;
